// Jest Snapshot v1, https://goo.gl/fbAQLP

exports[`declaration.ts - typescript-verify 1`] = `
class A {
    someProp: number;
    someProp2: string;
    
}

interface B{
    id: number;    name: string;
}

class A extends B{
    property1: id;
id: number;
}

class C {
    constructor() { let a = 1}
    private test = (id) => {
      return 10;


    }
}~~~~~~~~~~~~~~~~~~~~~~~~~~~~~~~~~~~~~~~~~~~~~~~~~~~~~~~~~~~~~~~~~~~~~~~~~~~~~~~~
class A
{
  someProp: number;
  someProp2: string;
}

interface B
{
  id: number;
  name: string;
}

class A extends B
{
  property1: id;
  id: number;
}

class C
{
  constructor()
  {
    let a = 1;
  }
  private test = id => {
    return 10;
  };
}

`;
