// Jest Snapshot v1, https://goo.gl/fbAQLP

exports[`support relative paths (stderr) 1`] = `
"[error] No parser could be inferred for file: level1-glob/level2-glob/level3-glob/shouldNotBeIgnored.scss
"
`;

exports[`support relative paths (stdout) 1`] = `
"shouldNotBeIgnored.js
level1-glob/shouldNotBeIgnored.js
"
`;

exports[`support relative paths (write) 1`] = `Array []`;
