// Jest Snapshot v1, https://goo.gl/fbAQLP

exports[`API getSupportInfo() with version 0.0.0 -> 1.0.0 1`] = `
"Snapshot Diff:
- First value
+ Second value

@@ -16,19 +16,35 @@
    \\"options\\": Object {
      \\"bracketSpacing\\": Object {
        \\"default\\": true,
        \\"type\\": \\"boolean\\",
      },
+     \\"jsxBracketSameLine\\": Object {
+       \\"default\\": false,
+       \\"type\\": \\"boolean\\",
+     },
+     \\"parser\\": Object {
+       \\"choices\\": Array [
+         \\"flow\\",
+         \\"babylon\\",
+       ],
+       \\"default\\": \\"babylon\\",
+       \\"type\\": \\"choice\\",
+     },
      \\"printWidth\\": Object {
        \\"default\\": 80,
        \\"range\\": Object {
          \\"end\\": Infinity,
          \\"start\\": 0,
          \\"step\\": 1,
        },
        \\"type\\": \\"int\\",
      },
+     \\"semi\\": Object {
+       \\"default\\": true,
+       \\"type\\": \\"boolean\\",
+     },
      \\"singleQuote\\": Object {
        \\"default\\": false,
        \\"type\\": \\"boolean\\",
      },
      \\"tabWidth\\": Object {
@@ -43,17 +59,15 @@
      \\"trailingComma\\": Object {
        \\"choices\\": Array [
          \\"none\\",
          \\"es5\\",
          \\"all\\",
-         true,
-         false,
        ],
-       \\"default\\": false,
+       \\"default\\": \\"none\\",
        \\"type\\": \\"choice\\",
      },
-     \\"useFlowParser\\": Object {
+     \\"useTabs\\": Object {
        \\"default\\": false,
        \\"type\\": \\"boolean\\",
      },
    },
  }"
`;

exports[`API getSupportInfo() with version 0.0.0 1`] = `
Object {
  "languages": Object {
    "Flow": Array [
      "babylon",
      "flow",
    ],
    "JSX": Array [
      "babylon",
      "flow",
    ],
    "JavaScript": Array [
      "babylon",
      "flow",
    ],
  },
  "options": Object {
    "bracketSpacing": Object {
      "default": true,
      "type": "boolean",
    },
    "printWidth": Object {
      "default": 80,
      "range": Object {
        "end": Infinity,
        "start": 0,
        "step": 1,
      },
      "type": "int",
    },
    "singleQuote": Object {
      "default": false,
      "type": "boolean",
    },
    "tabWidth": Object {
      "default": 2,
      "range": Object {
        "end": Infinity,
        "start": 0,
        "step": 1,
      },
      "type": "int",
    },
    "trailingComma": Object {
      "choices": Array [
        "none",
        "es5",
        "all",
        true,
        false,
      ],
      "default": false,
      "type": "choice",
    },
    "useFlowParser": Object {
      "default": false,
      "type": "boolean",
    },
  },
}
`;

exports[`API getSupportInfo() with version 1.0.0 -> 1.4.0 1`] = `
"Snapshot Diff:
- First value
+ Second value

@@ -1,7 +1,10 @@
  Object {
    \\"languages\\": Object {
+     \\"CSS\\": Array [
+       \\"postcss\\",
+     ],
      \\"Flow\\": Array [
        \\"babylon\\",
        \\"flow\\",
      ],
      \\"JSX\\": Array [
@@ -10,24 +13,51 @@
      ],
      \\"JavaScript\\": Array [
        \\"babylon\\",
        \\"flow\\",
      ],
+     \\"Less\\": Array [
+       \\"postcss\\",
+     ],
+     \\"PostCSS\\": Array [
+       \\"postcss\\",
+     ],
+     \\"SCSS\\": Array [
+       \\"postcss\\",
+     ],
+     \\"TypeScript\\": Array [
+       \\"typescript\\",
+     ],
    },
    \\"options\\": Object {
      \\"bracketSpacing\\": Object {
        \\"default\\": true,
        \\"type\\": \\"boolean\\",
      },
+     \\"cursorOffset\\": Object {
+       \\"default\\": -1,
+       \\"range\\": Object {
+         \\"end\\": Infinity,
+         \\"start\\": -1,
+         \\"step\\": 1,
+       },
+       \\"type\\": \\"int\\",
+     },
+     \\"filepath\\": Object {
+       \\"default\\": undefined,
+       \\"type\\": \\"path\\",
+     },
      \\"jsxBracketSameLine\\": Object {
        \\"default\\": false,
        \\"type\\": \\"boolean\\",
      },
      \\"parser\\": Object {
        \\"choices\\": Array [
          \\"flow\\",
          \\"babylon\\",
+         \\"typescript\\",
+         \\"postcss\\",
        ],
        \\"default\\": \\"babylon\\",
        \\"type\\": \\"choice\\",
      },
      \\"printWidth\\": Object {
@@ -37,10 +67,28 @@
          \\"start\\": 0,
          \\"step\\": 1,
        },
        \\"type\\": \\"int\\",
      },
+     \\"rangeEnd\\": Object {
+       \\"default\\": Infinity,
+       \\"range\\": Object {
+         \\"end\\": Infinity,
+         \\"start\\": 0,
+         \\"step\\": 1,
+       },
+       \\"type\\": \\"int\\",
+     },
+     \\"rangeStart\\": Object {
+       \\"default\\": 0,
+       \\"range\\": Object {
+         \\"end\\": Infinity,
+         \\"start\\": 0,
+         \\"step\\": 1,
+       },
+       \\"type\\": \\"int\\",
+     },
      \\"semi\\": Object {
        \\"default\\": true,
        \\"type\\": \\"boolean\\",
      },
      \\"singleQuote\\": Object {"
`;

exports[`API getSupportInfo() with version 1.4.0 -> 1.5.0 1`] = `
"Snapshot Diff:
- First value
+ Second value

@@ -5,10 +5,19 @@
      ],
      \\"Flow\\": Array [
        \\"babylon\\",
        \\"flow\\",
      ],
+     \\"GraphQL\\": Array [
+       \\"graphql\\",
+     ],
+     \\"JSON\\": Array [
+       \\"json\\",
+     ],
+     \\"JSON with Comments\\": Array [
+       \\"json\\",
+     ],
      \\"JSX\\": Array [
        \\"babylon\\",
        \\"flow\\",
      ],
      \\"JavaScript\\": Array [
@@ -54,10 +63,12 @@
        \\"choices\\": Array [
          \\"flow\\",
          \\"babylon\\",
          \\"typescript\\",
          \\"postcss\\",
+         \\"json\\",
+         \\"graphql\\",
        ],
        \\"default\\": \\"babylon\\",
        \\"type\\": \\"choice\\",
      },
      \\"printWidth\\": Object {"
`;

exports[`API getSupportInfo() with version 1.5.0 -> 1.7.1 1`] = `
"Snapshot Diff:
- First value
+ Second value

@@ -1,9 +1,9 @@
  Object {
    \\"languages\\": Object {
      \\"CSS\\": Array [
-       \\"postcss\\",
+       \\"css\\",
      ],
      \\"Flow\\": Array [
        \\"babylon\\",
        \\"flow\\",
      ],
@@ -23,17 +23,17 @@
      \\"JavaScript\\": Array [
        \\"babylon\\",
        \\"flow\\",
      ],
      \\"Less\\": Array [
-       \\"postcss\\",
+       \\"less\\",
      ],
      \\"PostCSS\\": Array [
-       \\"postcss\\",
+       \\"css\\",
      ],
      \\"SCSS\\": Array [
-       \\"postcss\\",
+       \\"scss\\",
      ],
      \\"TypeScript\\": Array [
        \\"typescript\\",
      ],
    },
@@ -62,11 +62,13 @@
      \\"parser\\": Object {
        \\"choices\\": Array [
          \\"flow\\",
          \\"babylon\\",
          \\"typescript\\",
-         \\"postcss\\",
+         \\"css\\",
+         \\"less\\",
+         \\"scss\\",
          \\"json\\",
          \\"graphql\\",
        ],
        \\"default\\": \\"babylon\\",
        \\"type\\": \\"choice\\",
@@ -96,10 +98,14 @@
          \\"start\\": 0,
          \\"step\\": 1,
        },
        \\"type\\": \\"int\\",
      },
+     \\"requirePragma\\": Object {
+       \\"default\\": false,
+       \\"type\\": \\"boolean\\",
+     },
      \\"semi\\": Object {
        \\"default\\": true,
        \\"type\\": \\"boolean\\",
      },
      \\"singleQuote\\": Object {"
`;

exports[`API getSupportInfo() with version 1.7.1 -> 1.8.0 1`] = `
"Snapshot Diff:
- First value
+ Second value

@@ -25,10 +25,13 @@
        \\"flow\\",
      ],
      \\"Less\\": Array [
        \\"less\\",
      ],
+     \\"Markdown\\": Array [
+       \\"markdown\\",
+     ],
      \\"PostCSS\\": Array [
        \\"css\\",
      ],
      \\"SCSS\\": Array [
        \\"scss\\",
@@ -53,10 +56,14 @@
      },
      \\"filepath\\": Object {
        \\"default\\": undefined,
        \\"type\\": \\"path\\",
      },
+     \\"insertPragma\\": Object {
+       \\"default\\": false,
+       \\"type\\": \\"boolean\\",
+     },
      \\"jsxBracketSameLine\\": Object {
        \\"default\\": false,
        \\"type\\": \\"boolean\\",
      },
      \\"parser\\": Object {
@@ -67,10 +74,11 @@
          \\"css\\",
          \\"less\\",
          \\"scss\\",
          \\"json\\",
          \\"graphql\\",
+         \\"markdown\\",
        ],
        \\"default\\": \\"babylon\\",
        \\"type\\": \\"choice\\",
      },
      \\"printWidth\\": Object {"
`;

exports[`API getSupportInfo() with version 1.8.0 -> 1.8.2 1`] = `
"Snapshot Diff:
- First value
+ Second value

@@ -88,10 +88,18 @@
          \\"start\\": 0,
          \\"step\\": 1,
        },
        \\"type\\": \\"int\\",
      },
+     \\"proseWrap\\": Object {
+       \\"choices\\": Array [
+         false,
+         true,
+       ],
+       \\"default\\": true,
+       \\"type\\": \\"choice\\",
+     },
      \\"rangeEnd\\": Object {
        \\"default\\": Infinity,
        \\"range\\": Object {
          \\"end\\": Infinity,
          \\"start\\": 0,"
`;

exports[`API getSupportInfo() with version 1.8.2 -> undefined 1`] = `
"Snapshot Diff:
- First value
+ Second value

@@ -1,84 +1,33 @@
  Object {
    \\"languages\\": Object {
-     \\"CSS\\": Array [
-       \\"css\\",
-     ],
      \\"Flow\\": Array [
        \\"babylon\\",
        \\"flow\\",
      ],
-     \\"GraphQL\\": Array [
-       \\"graphql\\",
-     ],
-     \\"JSON\\": Array [
-       \\"json\\",
-     ],
-     \\"JSON with Comments\\": Array [
-       \\"json\\",
-     ],
      \\"JSX\\": Array [
        \\"babylon\\",
        \\"flow\\",
      ],
      \\"JavaScript\\": Array [
        \\"babylon\\",
        \\"flow\\",
      ],
-     \\"Less\\": Array [
-       \\"less\\",
-     ],
-     \\"Markdown\\": Array [
-       \\"markdown\\",
-     ],
-     \\"PostCSS\\": Array [
-       \\"css\\",
-     ],
-     \\"SCSS\\": Array [
-       \\"scss\\",
-     ],
-     \\"TypeScript\\": Array [
-       \\"typescript\\",
-     ],
    },
    \\"options\\": Object {
      \\"bracketSpacing\\": Object {
        \\"default\\": true,
        \\"type\\": \\"boolean\\",
      },
-     \\"cursorOffset\\": Object {
-       \\"default\\": -1,
-       \\"range\\": Object {
-         \\"end\\": Infinity,
-         \\"start\\": -1,
-         \\"step\\": 1,
-       },
-       \\"type\\": \\"int\\",
-     },
-     \\"filepath\\": Object {
-       \\"default\\": undefined,
-       \\"type\\": \\"path\\",
-     },
-     \\"insertPragma\\": Object {
-       \\"default\\": false,
-       \\"type\\": \\"boolean\\",
-     },
      \\"jsxBracketSameLine\\": Object {
        \\"default\\": false,
        \\"type\\": \\"boolean\\",
      },
      \\"parser\\": Object {
        \\"choices\\": Array [
          \\"flow\\",
          \\"babylon\\",
-         \\"typescript\\",
-         \\"css\\",
-         \\"less\\",
-         \\"scss\\",
-         \\"json\\",
-         \\"graphql\\",
-         \\"markdown\\",
        ],
        \\"default\\": \\"babylon\\",
        \\"type\\": \\"choice\\",
      },
      \\"printWidth\\": Object {
@@ -88,40 +37,10 @@
          \\"start\\": 0,
          \\"step\\": 1,
        },
        \\"type\\": \\"int\\",
      },
-     \\"proseWrap\\": Object {
-       \\"choices\\": Array [
-         false,
-         true,
-       ],
-       \\"default\\": true,
-       \\"type\\": \\"choice\\",
-     },
-     \\"rangeEnd\\": Object {
-       \\"default\\": Infinity,
-       \\"range\\": Object {
-         \\"end\\": Infinity,
-         \\"start\\": 0,
-         \\"step\\": 1,
-       },
-       \\"type\\": \\"int\\",
-     },
-     \\"rangeStart\\": Object {
-       \\"default\\": 0,
-       \\"range\\": Object {
-         \\"end\\": Infinity,
-         \\"start\\": 0,
-         \\"step\\": 1,
-       },
-       \\"type\\": \\"int\\",
-     },
-     \\"requirePragma\\": Object {
-       \\"default\\": false,
-       \\"type\\": \\"boolean\\",
-     },
      \\"semi\\": Object {
        \\"default\\": true,
        \\"type\\": \\"boolean\\",
      },
      \\"singleQuote\\": Object {"
`;

exports[`CLI --support-info (stderr) 1`] = `""`;

exports[`CLI --support-info (stdout) 1`] = `
"{
  \\"languages\\": [
    {
      \\"aceMode\\": \\"javascript\\",
      \\"aliases\\": [\\"js\\", \\"node\\"],
      \\"codemirrorMimeType\\": \\"text/javascript\\",
      \\"codemirrorMode\\": \\"javascript\\",
      \\"color\\": \\"#f1e05a\\",
      \\"extensions\\": [
        \\".js\\",
        \\"._js\\",
        \\".bones\\",
        \\".es\\",
        \\".es6\\",
        \\".frag\\",
        \\".gs\\",
        \\".jake\\",
        \\".jsb\\",
        \\".jscad\\",
        \\".jsfl\\",
        \\".jsm\\",
        \\".jss\\",
        \\".mjs\\",
        \\".njs\\",
        \\".pac\\",
        \\".sjs\\",
        \\".ssjs\\",
        \\".xsjs\\",
        \\".xsjslib\\"
      ],
      \\"filenames\\": [\\"Jakefile\\"],
      \\"interpreters\\": [\\"node\\"],
      \\"linguistLanguageId\\": 183,
      \\"name\\": \\"JavaScript\\",
      \\"parsers\\": [\\"babylon\\", \\"flow\\"],
      \\"since\\": \\"0.0.0\\",
      \\"tmScope\\": \\"source.js\\",
      \\"type\\": \\"programming\\",
      \\"vscodeLanguageIds\\": [\\"javascript\\"]
    },
    {
      \\"extensions\\": [\\".js.flow\\"],
      \\"name\\": \\"Flow\\",
      \\"parsers\\": [\\"babylon\\", \\"flow\\"],
      \\"since\\": \\"0.0.0\\"
    },
    {
      \\"aceMode\\": \\"javascript\\",
      \\"codemirrorMimeType\\": \\"text/jsx\\",
      \\"codemirrorMode\\": \\"jsx\\",
      \\"extensions\\": [\\".jsx\\"],
      \\"group\\": \\"JavaScript\\",
      \\"linguistLanguageId\\": 178,
      \\"name\\": \\"JSX\\",
      \\"parsers\\": [\\"babylon\\", \\"flow\\"],
      \\"since\\": \\"0.0.0\\",
      \\"tmScope\\": \\"source.js.jsx\\",
      \\"type\\": \\"programming\\",
      \\"vscodeLanguageIds\\": [\\"javascriptreact\\"]
    }
  ],
  \\"options\\": [
    {
      \\"category\\": \\"Common\\",
      \\"default\\": true,
      \\"description\\": \\"Print spaces between brackets.\\",
      \\"name\\": \\"bracketSpacing\\",
      \\"oppositeDescription\\": \\"Do not print spaces between brackets.\\",
      \\"pluginDefaults\\": {},
      \\"since\\": \\"0.0.0\\",
      \\"type\\": \\"boolean\\"
    },
    {
      \\"category\\": \\"JavaScript\\",
      \\"default\\": false,
      \\"description\\": \\"Put > on the last line instead of at a new line.\\",
      \\"name\\": \\"jsxBracketSameLine\\",
      \\"pluginDefaults\\": {},
      \\"since\\": \\"0.17.0\\",
      \\"type\\": \\"boolean\\"
    },
    {
      \\"category\\": \\"Global\\",
      \\"choices\\": [
        { \\"description\\": \\"Flow\\", \\"value\\": \\"flow\\" },
        { \\"description\\": \\"JavaScript\\", \\"value\\": \\"babylon\\" }
      ],
      \\"default\\": \\"babylon\\",
      \\"description\\": \\"Which parser to use.\\",
      \\"name\\": \\"parser\\",
      \\"pluginDefaults\\": {},
      \\"since\\": \\"0.0.10\\",
      \\"type\\": \\"choice\\"
    },
    {
      \\"category\\": \\"Global\\",
      \\"default\\": 80,
      \\"description\\": \\"The line length where Prettier will try wrap.\\",
      \\"name\\": \\"printWidth\\",
      \\"pluginDefaults\\": {},
      \\"range\\": { \\"end\\": null, \\"start\\": 0, \\"step\\": 1 },
      \\"since\\": \\"0.0.0\\",
      \\"type\\": \\"int\\"
    },
    {
      \\"category\\": \\"JavaScript\\",
      \\"default\\": true,
      \\"description\\": \\"Print semicolons.\\",
      \\"name\\": \\"semi\\",
      \\"oppositeDescription\\":
        \\"Do not print semicolons, except at the beginning of lines which may need them.\\",
      \\"pluginDefaults\\": {},
      \\"since\\": \\"1.0.0\\",
      \\"type\\": \\"boolean\\"
    },
    {
      \\"category\\": \\"Common\\",
      \\"default\\": false,
      \\"description\\": \\"Use single quotes instead of double quotes.\\",
      \\"name\\": \\"singleQuote\\",
      \\"pluginDefaults\\": {},
      \\"since\\": \\"0.0.0\\",
      \\"type\\": \\"boolean\\"
    },
    {
      \\"category\\": \\"Global\\",
      \\"default\\": 2,
      \\"description\\": \\"Number of spaces per indentation level.\\",
      \\"name\\": \\"tabWidth\\",
      \\"pluginDefaults\\": {},
      \\"range\\": { \\"end\\": null, \\"start\\": 0, \\"step\\": 1 },
      \\"type\\": \\"int\\"
    },
    {
      \\"category\\": \\"JavaScript\\",
      \\"choices\\": [
        { \\"description\\": \\"No trailing commas.\\", \\"value\\": \\"none\\" },
        {
          \\"description\\":
            \\"Trailing commas where valid in ES5 (objects, arrays, etc.)\\",
          \\"value\\": \\"es5\\"
        },
        {
          \\"description\\":
            \\"Trailing commas wherever possible (including function arguments).\\",
          \\"value\\": \\"all\\"
        }
      ],
      \\"default\\": \\"none\\",
      \\"description\\": \\"Print trailing commas wherever possible when multi-line.\\",
      \\"name\\": \\"trailingComma\\",
      \\"pluginDefaults\\": {},
      \\"since\\": \\"0.0.0\\",
      \\"type\\": \\"choice\\"
    },
    {
      \\"category\\": \\"Global\\",
      \\"default\\": false,
      \\"description\\": \\"Indent with tabs instead of spaces.\\",
      \\"name\\": \\"useTabs\\",
      \\"pluginDefaults\\": {},
      \\"since\\": \\"1.0.0\\",
      \\"type\\": \\"boolean\\"
    }
  ]
}

"
`;

exports[`CLI --support-info (write) 1`] = `Array []`;
