// Jest Snapshot v1, https://goo.gl/fbAQLP

exports[`infers postcss parser (stderr) 1`] = `
"[error] No parser could be inferred for file: stylesheet.css
"
`;

exports[`infers postcss parser (stdout) 1`] = `
"/* JavaScript */
\\"use strict\\";
"
`;

exports[`infers postcss parser (write) 1`] = `Array []`;

exports[`infers postcss parser with --list-different (stderr) 1`] = `
"[error] No parser could be inferred for file: stylesheet.css
"
`;

exports[`infers postcss parser with --list-different (stdout) 1`] = `""`;

exports[`infers postcss parser with --list-different (write) 1`] = `Array []`;
